{
"runs":[
{
"results":[
{
"locations":[
{
"physicalLocation":{
"artifactLocation":{
"uri":"lib/CheckSpelling/Sarif.pm",
"uriBaseId":"%SRCROOT%"
},
"region":{
"endColumn":29,
"startColumn":24,
"startLine":3
}
}
}
],
"message":{
"text":"[Sarif](#security-tab) is not a recognized word. \\(unrecognized-spelling\\)"
},
"ruleId":"unrecognized-spelling",
"ruleIndex":0
}
],
"tool":{
"driver":{
"version":"0.0.0",
"name":"check-spelling",
"informationUri":"https://github.com/check-spelling/check-spelling",
"rules":[
{
"properties":{
"tags":[
"code-reviews",
"source-code"
],
"problem.severity":"warning",
"precision":"high"
},
"help":{
"text":"?",
"markdown":"**Remediation (click \"Show more\" below)**:\n\n- Correct spelling\n- Add to [expect](https://github.com/check-spelling/check-spelling/wiki/Configuration#expect)\n- Mask using [patterns](https://github.com/check-spelling/check-spelling/wiki/Configuration#patterns)\n\n"
},
"fullDescription":{
"text":"Token is neither in the dictionary nor expected"
},
"defaultConfiguration":{
"level":"warning"
},
"helpUri":"https://github.com/check-spelling/check-spelling/wiki/Event-descriptions#unrecognized-spelling",
"shortDescription":{
"text":"Unrecognized Spelling"
},
"name":"UnrecognizedSpelling",
"id":"unrecognized-spelling"
},
{
"help":{
"text":"?",
"markdown":"**Remediation (click \"Show more\" below)**:\n\n- Alter text so the pattern does not match\n- Add a [pattern](https://github.com/check-spelling/check-spelling/wiki/Configuration#patterns) to patterns.txt that matches (a portion of) the flagged content to accept it\n- Delete, edit, or comment out the pattern\n\n"
},
"properties":{
"tags":[
"code-reviews",
"source-code"
],
"precision":"high",
"problem.severity":"error"
},
"fullDescription":{
"text":"Forbidden pattern matched this text"
},
"defaultConfiguration":{
"level":"error"
},
"helpUri":"https://github.com/check-spelling/check-spelling/wiki/Event-descriptions#forbidden-pattern",
"shortDescription":{
"text":"Forbidden Pattern"
},
"id":"forbidden-pattern",
"name":"ForbiddenPattern"
},
{
"shortDescription":{
"text":"Noisy File"
},
"id":"noisy-file",
"name":"NoisyFile",
"help":{
"markdown":"**Remediation (click \"Show more\" below)**:\n\n- Add the file to [excludes](https://github.com/check-spelling/check-spelling/wiki/Configuration#excludes)\n- Add more words to the dictionary\n- Use patterns to mask tokens.\n\n",
"text":"?"
},
"properties":{
"problem.severity":"recommendation",
"precision":"high",
"tags":[
"code-reviews",
"source-code"
]
},
"fullDescription":{
"text":"There were more non-words than dictionary words in the file"
},
"defaultConfiguration":{
"level":"warning"
},
"helpUri":"https://github.com/check-spelling/check-spelling/wiki/Event-descriptions#noisy-file"
},
{
"defaultConfiguration":{
"level":"warning"
},
"helpUri":"https://github.com/check-spelling/check-spelling/wiki/Event-descriptions#large-file",
"help":{
"markdown":"**Remediation (click \"Show more\" below)**:\n\n- Add the file to [excludes](https://github.com/check-spelling/check-spelling/wiki/Configuration#excludes)\n- Adjust 'largest_file' in action configuration if you want to check the file.",
"text":"?"
},
"properties":{
"problem.severity":"warning",
"precision":"medium",
"tags":[
"source-code",
"code-reviews"
]
},
"fullDescription":{
"text":"File is very large"
},
"name":"LargeFile",
"id":"large-file",
"shortDescription":{
"text":"Large File"
}
},
{
"defaultConfiguration":{
"level":"warning"
},
"helpUri":"https://github.com/check-spelling/check-spelling/wiki/Event-descriptions#limited-references",
"help":{
"text":"?",
"markdown":"**Remediation (click \"Show more\" below)**:\n\n- Add word to the [dictionary](https://github.com/check-spelling/check-spelling/wiki/Configuration#allow)\n- Correct the spelling\n- To see more instances, increase action configuration \"unknown_word_limit\".\n\n"
},
"properties":{
"tags":[
"code-reviews",
"source-code"
],
"precision":"high",
"problem.severity":"warning"
},
"fullDescription":{
"text":"There were an excessive number of uses of this token. Not all instances are identified."
},
"name":"LimitedReferences",
"id":"limited-references",
"shortDescription":{
"text":"Limited References"
}
},
{
"shortDescription":{
"text":"Candidate Pattern"
},
"name":"CandidatePattern",
"id":"candidate-pattern",
"properties":{
"problem.severity":"recommendation",
"precision":"medium",
"tags":[
"code-reviews",
"source-code"
]
},
"help":{
"markdown":"**Remediation (click \"Show more\" below)**:\n\n- Add the pattern to [patterns](https://github.com/check-spelling/check-spelling/wiki/Configuration#patterns)\n- Remove the pattern from candidates.patterns\n\n\n",
"text":"?"
},
"fullDescription":{
"text":"A line with unrecognized tokens matches a pattern. Patterns enable the tool to ignore content."
},
"defaultConfiguration":{
"level":"warning"
},
"helpUri":"https://github.com/check-spelling/check-spelling/wiki/Event-descriptions#candidate-pattern"
},
{
"shortDescription":{
"text":"Bad Regex"
},
"name":"BadRegex",
"id":"bad-regex",
"help":{
"markdown":"**Remediation (click \"Show more\" below)**:\n\n- Correct the [patterns](https://github.com/check-spelling/check-spelling/wiki/Configuration#patterns)\n- See [bad-regex](https://github.com/check-spelling/check-spelling/wiki/Event-descriptions#bad-regex)\n- Remove the pattern.\n\n",
"text":"?"
},
"properties":{
"tags":[
"code-reviews",
"source-code"
],
"precision":"medium",
"problem.severity":"error"
},
"fullDescription":{
"text":"Perl did not like the regular expression pattern."
},
"defaultConfiguration":{
"level":"warning"
},
"helpUri":"https://github.com/check-spelling/check-spelling/wiki/Event-descriptions#bad-regex"
},
{
"help":{
"markdown":"**Remediation (click \"Show more\" below)**:\n\n- Correct the dictionary address.\n- Check the [dictionary_source_prefixes](https://github.com/check-spelling/check-spelling/wiki/Configuration#dictionary_source_prefixes)\n- Remove the entry.\n\n",
"text":"?"
},
"properties":{
"precision":"high",
"problem.severity":"warning",
"tags":[
"code-reviews",
"source-code"
]
},
"fullDescription":{
"text":"The specified dictionary could not be found."
},
"defaultConfiguration":{
"level":"warning"
},
"helpUri":"https://github.com/check-spelling/check-spelling/wiki/Event-descriptions#dictionary-not-found",
"shortDescription":{
"text":"Dictionary not found"
},
"id":"dictionary-not-found",
"name":"DictionaryNotFound"
},
{
"shortDescription":{
"text":"No newline at EOF"
},
"id":"no-newline-at-eof",
"name":"NoNewlineAtEOF",
"help":{
"text":"?",
"markdown":"**Remediation (click \"Show more\" below)**:\n\n- Add a blank line to the end of the file.\n\n"
},
"properties":{
"tags":[
"code-reviews",
"source-code"
],
"precision":"high",
"problem.severity":"recommendation"
},
"fullDescription":{
"text":"The specified file is missing a newline at the end of the file."
},
"defaultConfiguration":{
"level":"warning"
},
"helpUri":"https://github.com/check-spelling/check-spelling/wiki/Event-descriptions#no-newline-at-eof"
},
{
"shortDescription":{
"text":"Check File Path"
},
"name":"CheckFilePath",
"id":"check-file-path",
"fullDescription":{
"text":"Token in file path is neither in the dictionary nor expected"
},
"properties":{
"tags":[
"source-code",
"code-reviews"
],
"precision":"high",
"problem.severity":"error"
},
"help":{
"text":"?",
"markdown":"**Remediation (click \"Show more\" below)**:\n\nNote that this check is against the file path not the displayed line.\n- Rename file/directory to correct spelling\n- Add to [expect](https://github.com/check-spelling/check-spelling/wiki/Configuration#expect)\n- Mask using [patterns](https://github.com/check-spelling/check-spelling/wiki/Configuration#patterns)\n\n"
},
"helpUri":"https://github.com/check-spelling/check-spelling/wiki/Event-descriptions#check-file-path",
"defaultConfiguration":{
"level":"error"
}
},
{
"helpUri":"https://github.com/check-spelling/check-spelling/wiki/Event-descriptions#minified-file",
"defaultConfiguration":{
"level":"warning"
},
"fullDescription":{
"text":"File has incredibly long lines, perhaps it's minified?"
},
"properties":{
"problem.severity":"warning",
"precision":"medium",
"tags":[
"code-reviews",
"source-code"
]
},
"help":{
"text":"?",
"markdown":"**Remediation (click \"Show more\" below)**:\n\n- Add the file to [excludes](https://github.com/check-spelling/check-spelling/wiki/Configuration#excludes)\n- Add 'minified-file' to 'disable_checks' in the configuration.\n\n"
},
"name":"MinifiedFile",
"id":"minified-file",
"shortDescription":{
"text":"Minified File"
}
},
{
"defaultConfiguration":{
"level":"warning"
},
"helpUri":"https://github.com/check-spelling/check-spelling/wiki/Event-descriptions#duplicate-extra-dictionary",
"help":{
"text":"?",
"markdown":"**Remediation (click \"Show more\" below)**:\n\n- Remove duplicate entries. check-spelling will ignore duplicate instances.\n\n"
},
"properties":{
"precision":"medium",
"problem.severity":"warning",
"tags":[
"code-reviews",
"source-code"
]
},
"fullDescription":{
"text":"Workflow 'extra_dictionaries' contains multiple entries for the same dictionary"
},
"id":"duplicate-extra-dictionary",
"name":"DuplicateExtraDictionary",
"shortDescription":{
"text":"Duplicate Extra Dictionary"
}
},
{
"defaultConfiguration":{
"level":"warning"
},
"helpUri":"https://github.com/check-spelling/check-spelling/wiki/Event-descriptions#utf16-surrogate",
"help":{
"text":"?",
"markdown":"**Remediation (click \"Show more\" below)**:\n\n- Add the file to [excludes](https://github.com/check-spelling/check-spelling/wiki/Configuration#excludes)\n\n"
},
"properties":{
"tags":[
"code-reviews",
"source-code"
],
"precision":"medium",
"problem.severity":"warning"
},
"fullDescription":{
"text":"File contains a utf-16 surrogate. It's likely not a text file."
},
"id":"utf16-surrogate",
"name":"Utf16Surrogate",
"shortDescription":{
"text":"UTF-16 Surrogate"
}
},
{
"shortDescription":{
"text":"Binary File"
},
"id":"binary-file",
"name":"BinaryFile",
"help":{
"text":"?",
"markdown":"**Remediation (click \"Show more\" below)**:\n\n- Add the file to [excludes](https://github.com/check-spelling/check-spelling/wiki/Configuration#excludes)\n- Disable `use_file_magic`\n\n"
},
"properties":{
"tags":[
"source-code",
"code-reviews"
],
"precision":"low",
"problem.severity":"warning"
},
"fullDescription":{
"text":"File magic determined to be binary. It's likely not a text file."
},
"defaultConfiguration":{
"level":"warning"
},
"helpUri":"https://github.com/check-spelling/check-spelling/wiki/Event-descriptions#binary-file"
}
]
}
}
}
],
"properties":{
"comment":"check-spelling test"
},
"$schema":"https://raw.githubusercontent.com/oasis-tcs/sarif-spec/master/Schemata/sarif-schema-2.1.0.json",
"version":"2.1.0"
}
